[demo.cocobasic.com/anotte-html/index.html]
[backblue.gif]
[fade.gif]
[index.html]
[demo.cocobasic.com/anotte-html/images/favicon.ico]
[demo.cocobasic.com/anotte-html/style.css]
[demo.cocobasic.com/anotte-html/index-2.html]
[demo.cocobasic.com/anotte-html/about.html]
[demo.cocobasic.com/anotte-html/gallery.html]
[demo.cocobasic.com/anotte-html/gallery-bw.html]
[demo.cocobasic.com/anotte-html/gallery-inverse-bw.html]
[demo.cocobasic.com/anotte-html/blog.html]
[demo.cocobasic.com/anotte-html/contact.html]
[demo.cocobasic.com/anotte-html/images/logo.png]
[demo.cocobasic.com/anotte-html/portfolio-1.html]
[demo.cocobasic.com/anotte-html/images/image_01.jpg]
[demo.cocobasic.com/anotte-html/portfolio-2.html]
[demo.cocobasic.com/anotte-html/images/image_02.jpg]
[demo.cocobasic.com/anotte-html/portfolio-3.html]
[demo.cocobasic.com/anotte-html/images/image_03.jpg]
[demo.cocobasic.com/anotte-html/images/image_04.jpg]
[demo.cocobasic.com/anotte-html/images/image_05.jpg]
[demo.cocobasic.com/anotte-html/js/jquery.js]
[demo.cocobasic.com/anotte-html/js/jquery.smartmenus.min.js]
[demo.cocobasic.com/anotte-html/js/jquery.prettyPhoto.js]
[demo.cocobasic.com/anotte-html/js/jquery.sticky-kit.min.js]
[demo.cocobasic.com/anotte-html/js/imagesloaded.pkgd.js]
[demo.cocobasic.com/anotte-html/js/jquery.fitvids.js]
[demo.cocobasic.com/anotte-html/js/tipper.js]
[demo.cocobasic.com/anotte-html/js/swiper.min.js]
[demo.cocobasic.com/anotte-html/index.html]
[demo.cocobasic.com/anotte-html/js/main.js]
[fonts.googleapis.com/css8588.css]
[demo.cocobasic.com/anotte-html/index-2.html]
[demo.cocobasic.com/anotte-html/images/signature_image.png]
[demo.cocobasic.com/anotte-html/images/about_img.jpg]
[demo.cocobasic.com/anotte-html/about.html]
[demo.cocobasic.com/anotte-html/images/image_30.jpg]
[demo.cocobasic.com/anotte-html/images/image_30-889x500.jpg]
[demo.cocobasic.com/anotte-html/images/image_31.jpg]
[demo.cocobasic.com/anotte-html/images/image_31-889x500.jpg]
[demo.cocobasic.com/anotte-html/images/image_32.jpg]
[demo.cocobasic.com/anotte-html/images/image_32-889x500.jpg]
[demo.cocobasic.com/anotte-html/images/image_33.jpg]
[demo.cocobasic.com/anotte-html/images/image_33-333x500.jpg]
[demo.cocobasic.com/anotte-html/images/image_34.jpg]
[demo.cocobasic.com/anotte-html/images/image_34-333x500.jpg]
[demo.cocobasic.com/anotte-html/images/image_35.jpg]
[demo.cocobasic.com/anotte-html/images/image_35-333x500.jpg]
[demo.cocobasic.com/anotte-html/images/image_36.jpg]
[demo.cocobasic.com/anotte-html/images/image_36-333x500.jpg]
[demo.cocobasic.com/anotte-html/images/image_37.jpg]
[demo.cocobasic.com/anotte-html/images/image_37-333x500.jpg]
[demo.cocobasic.com/anotte-html/images/image_38.jpg]
[demo.cocobasic.com/anotte-html/images/image_38-889x500.jpg]
[demo.cocobasic.com/anotte-html/images/image_39.jpg]
[demo.cocobasic.com/anotte-html/images/image_39-889x500.jpg]
[demo.cocobasic.com/anotte-html/images/image_40.jpg]
[demo.cocobasic.com/anotte-html/images/image_40-889x500.jpg]
[demo.cocobasic.com/anotte-html/images/image_41.jpg]
[demo.cocobasic.com/anotte-html/images/image_41-333x500.jpg]
[demo.cocobasic.com/anotte-html/gallery.html]
[demo.cocobasic.com/anotte-html/gallery-bw.html]
[demo.cocobasic.com/anotte-html/gallery-inverse-bw.html]
[demo.cocobasic.com/anotte-html/blog.html]
[demo.cocobasic.com/anotte-html/contact.html]
[demo.cocobasic.com/anotte-html/single.html]
[demo.cocobasic.com/anotte-html/images/image_45.jpg]
[demo.cocobasic.com/anotte-html/images/image_46.jpg]
[demo.cocobasic.com/anotte-html/images/image_43.jpg]
[demo.cocobasic.com/anotte-html/portfolio-1.html]
[demo.cocobasic.com/anotte-html/portfolio-2.html]
[demo.cocobasic.com/anotte-html/images/blog_img_04.jpg]
[demo.cocobasic.com/anotte-html/images/image_06.jpg]
[demo.cocobasic.com/anotte-html/portfolio-3.html]
[demo.cocobasic.com/anotte-html/images/blog_img_05.jpg]
[demo.cocobasic.com/anotte-html/single.html]
[demo.cocobasic.com/anotte-html/images/logo.png]
[demo.cocobasic.com/anotte-html/images/image_01.jpg]
[demo.cocobasic.com/anotte-html/images/image_02.jpg]
[demo.cocobasic.com/anotte-html/images/image_03.jpg]
[demo.cocobasic.com/anotte-html/images/image_04.jpg]
[demo.cocobasic.com/anotte-html/images/image_05.jpg]
[demo.cocobasic.com/anotte-html/js/jquery.smartmenus.min.js]
[demo.cocobasic.com/anotte-html/js/jquery.prettyPhoto.js]
[demo.cocobasic.com/anotte-html/js/jquery.sticky-kit.min.js]
[demo.cocobasic.com/anotte-html/js/jquery.js]
[demo.cocobasic.com/anotte-html/js/jquery.fitvids.js]
[demo.cocobasic.com/anotte-html/js/imagesloaded.pkgd.js]
[demo.cocobasic.com/anotte-html/js/tipper.js]
[demo.cocobasic.com/anotte-html/images/about_img.jpg]
[demo.cocobasic.com/anotte-html/js/main.js]
[demo.cocobasic.com/anotte-html/images/image_30.jpg]
[demo.cocobasic.com/anotte-html/images/image_30-889x500.jpg]
[demo.cocobasic.com/anotte-html/js/swiper.min.js]
[demo.cocobasic.com/anotte-html/images/image_31.jpg]
[demo.cocobasic.com/anotte-html/images/image_31-889x500.jpg]
[demo.cocobasic.com/anotte-html/images/image_32.jpg]
[demo.cocobasic.com/anotte-html/images/image_32-889x500.jpg]
[demo.cocobasic.com/anotte-html/images/image_33.jpg]
[demo.cocobasic.com/anotte-html/css/clear.css]
[demo.cocobasic.com/anotte-html/images/image_34.jpg]
[demo.cocobasic.com/anotte-html/images/image_34-333x500.jpg]
[demo.cocobasic.com/anotte-html/images/image_35.jpg]
[demo.cocobasic.com/anotte-html/css/font-awesome.min.css]
[demo.cocobasic.com/anotte-html/images/image_35-333x500.jpg]
[demo.cocobasic.com/anotte-html/images/image_37.jpg]
[demo.cocobasic.com/anotte-html/images/image_37-333x500.jpg]
[demo.cocobasic.com/anotte-html/css/sm-clean.css]
[demo.cocobasic.com/anotte-html/images/image_39.jpg]
[demo.cocobasic.com/anotte-html/images/image_38-889x500.jpg]
[demo.cocobasic.com/anotte-html/images/image_38.jpg]
[demo.cocobasic.com/anotte-html/css/swiper.min.css]
[demo.cocobasic.com/anotte-html/images/image_40.jpg]
[demo.cocobasic.com/anotte-html/images/image_39-889x500.jpg]
[demo.cocobasic.com/anotte-html/images/image_40-889x500.jpg]
[demo.cocobasic.com/anotte-html/css/prettyPhoto.css]
[demo.cocobasic.com/anotte-html/images/image_41.jpg]
[demo.cocobasic.com/anotte-html/images/image_46.jpg]
[demo.cocobasic.com/anotte-html/images/image_45.jpg]
[demo.cocobasic.com/anotte-html/style.css]
[demo.cocobasic.com/anotte-html/css/common.css]
[demo.cocobasic.com/anotte-html/images/image_43.jpg]
[demo.cocobasic.com/anotte-html/images/blog_img_04.jpg]
[demo.cocobasic.com/anotte-html/images/image_06.jpg]
[demo.cocobasic.com/anotte-html/images/blog_img_05.jpg]
[demo.cocobasic.com/anotte-html/css/clear.css]
[demo.cocobasic.com/anotte-html/fonts/fontawesome-webfont3e6e.eot]
[demo.cocobasic.com/anotte-html/fonts/fontawesome-webfontd41d.eot]
[demo.cocobasic.com/anotte-html/fonts/fontawesome-webfont3e6e.woff2]
[demo.cocobasic.com/anotte-html/fonts/fontawesome-webfont3e6e.woff]
[demo.cocobasic.com/anotte-html/fonts/fontawesome-webfont3e6e.ttf]
[demo.cocobasic.com/anotte-html/css/font-awesome.min.css]
[demo.cocobasic.com/anotte-html/css/sm-clean.css]
[demo.cocobasic.com/anotte-html/css/swiper.min.css]
[demo.cocobasic.com/anotte-html/fonts/fontawesome-webfont3e6e.svg]
[demo.cocobasic.com/anotte-html/fonts/fontawesome-webfont3e6e.ttf]
[demo.cocobasic.com/anotte-html/fonts/fontawesome-webfont3e6e.woff]
[demo.cocobasic.com/anotte-html/images/prettyPhoto/default/sprite_next.png]
[demo.cocobasic.com/anotte-html/images/prettyPhoto/default/sprite_prev.png]
[demo.cocobasic.com/anotte-html/images/prettyPhoto/default/sprite.png]
[demo.cocobasic.com/anotte-html/images/prettyPhoto/default/sprite_next.png]
[demo.cocobasic.com/anotte-html/images/prettyPhoto/default/sprite_prev.png]
[demo.cocobasic.com/anotte-html/images/prettyPhoto/default/default_thumb.png]
[demo.cocobasic.com/anotte-html/images/prettyPhoto/default/loader.gif]
[demo.cocobasic.com/anotte-html/images/prettyPhoto/light_rounded/sprite.png]
[demo.cocobasic.com/anotte-html/images/prettyPhoto/default/loader.gif]
[demo.cocobasic.com/anotte-html/images/prettyPhoto/light_rounded/btnNext.png]
[demo.cocobasic.com/anotte-html/images/prettyPhoto/light_rounded/btnPrevious.png]
[demo.cocobasic.com/anotte-html/images/prettyPhoto/light_rounded/loader.gif]
[demo.cocobasic.com/anotte-html/images/prettyPhoto/light_rounded/loader.gif]
[demo.cocobasic.com/anotte-html/images/prettyPhoto/dark_rounded/sprite.png]
[demo.cocobasic.com/anotte-html/images/prettyPhoto/dark_rounded/contentPattern.png]
[demo.cocobasic.com/anotte-html/images/prettyPhoto/dark_rounded/btnNext.png]
[demo.cocobasic.com/anotte-html/images/prettyPhoto/dark_rounded/contentPattern.png]
[demo.cocobasic.com/anotte-html/images/prettyPhoto/dark_rounded/btnPrevious.png]
[demo.cocobasic.com/anotte-html/images/prettyPhoto/dark_rounded/loader.gif]
[demo.cocobasic.com/anotte-html/images/prettyPhoto/dark_rounded/loader.gif]
[demo.cocobasic.com/anotte-html/images/prettyPhoto/dark_square/loader.gif]
[demo.cocobasic.com/anotte-html/images/prettyPhoto/dark_square/sprite.png]
[demo.cocobasic.com/anotte-html/images/prettyPhoto/dark_square/btnNext.png]
[demo.cocobasic.com/anotte-html/images/prettyPhoto/dark_square/sprite.png]
[demo.cocobasic.com/anotte-html/images/prettyPhoto/dark_square/btnPrevious.png]
[demo.cocobasic.com/anotte-html/images/prettyPhoto/light_square/sprite.png]
[demo.cocobasic.com/anotte-html/images/prettyPhoto/light_square/btnNext.png]
[demo.cocobasic.com/anotte-html/images/prettyPhoto/light_square/btnPrevious.png]
[demo.cocobasic.com/anotte-html/images/prettyPhoto/facebook/sprite.png]
[demo.cocobasic.com/anotte-html/images/prettyPhoto/facebook/sprite.png]
[demo.cocobasic.com/anotte-html/images/prettyPhoto/facebook/contentPatternTop.png]
[demo.cocobasic.com/anotte-html/images/prettyPhoto/facebook/contentPatternLeft.png]
[demo.cocobasic.com/anotte-html/images/prettyPhoto/facebook/contentPatternRight.png]
[demo.cocobasic.com/anotte-html/images/prettyPhoto/facebook/loader.gif]
[demo.cocobasic.com/anotte-html/images/prettyPhoto/facebook/contentPatternLeft.png]
[demo.cocobasic.com/anotte-html/images/prettyPhoto/facebook/contentPatternRight.png]
[demo.cocobasic.com/anotte-html/images/prettyPhoto/facebook/loader.gif]
[demo.cocobasic.com/anotte-html/images/prettyPhoto/facebook/btnNext.png]
[demo.cocobasic.com/anotte-html/images/prettyPhoto/facebook/btnPrevious.png]
[demo.cocobasic.com/anotte-html/images/prettyPhoto/facebook/contentPatternBottom.png]
[demo.cocobasic.com/anotte-html/images/prettyPhoto/facebook/default_thumbnail.gif]
[demo.cocobasic.com/anotte-html/css/prettyPhoto.css]
[demo.cocobasic.com/anotte-html/images/prettyPhoto/facebook/contentPatternBottom.png]
[demo.cocobasic.com/anotte-html/images/prettyPhoto/facebook/btnPrevious.png]
[demo.cocobasic.com/anotte-html/images/quotes_image.png]
[demo.cocobasic.com/anotte-html/images/nav_left.png]
[demo.cocobasic.com/anotte-html/images/nav_left.png]
[demo.cocobasic.com/anotte-html/images/nav_right.png]
[demo.cocobasic.com/anotte-html/images/close.png]
[demo.cocobasic.com/anotte-html/css/common.css]
[demo.cocobasic.com/anotte-html/fonts/fontawesome-webfont3e6e.svg]
[demo.cocobasic.com/anotte-html/portfolio-1.html]
[demo.cocobasic.com/anotte-html/portfolio-2.html]
[demo.cocobasic.com/anotte-html/portfolio-3.html]
