[mixdesign.club/themeforest/unio/index-fullscreen-image.html]
[backblue.gif]
[fade.gif]
[index.html]
[mixdesign.club/themeforest/unio/img/favicon/favicon.ico]
[mixdesign.club/themeforest/unio/img/favicon/apple-touch-icon-57x57.png]
[mixdesign.club/themeforest/unio/img/favicon/apple-touch-icon-60x60.png]
[mixdesign.club/themeforest/unio/img/favicon/apple-touch-icon-72x72.png]
[mixdesign.club/themeforest/unio/img/favicon/apple-touch-icon-76x76.png]
[mixdesign.club/themeforest/unio/img/favicon/apple-touch-icon-114x114.png]
[mixdesign.club/themeforest/unio/img/favicon/apple-touch-icon-120x120.png]
[mixdesign.club/themeforest/unio/img/favicon/apple-touch-icon-144x144.png]
[mixdesign.club/themeforest/unio/img/favicon/apple-touch-icon-152x152.png]
[mixdesign.club/themeforest/unio/img/favicon/apple-touch-icon-180x180.png]
[mixdesign.club/themeforest/unio/img/favicon/android-chrome-192x192.png]
[mixdesign.club/themeforest/unio/img/favicon/browserconfig.xml]
[mixdesign.club/themeforest/unio/img/favicon/og-image.jpg]
[mixdesign.club/themeforest/unio/index.html]
[mixdesign.club/themeforest/unio/img/portfolio/portfolio-1.jpg]
[mixdesign.club/themeforest/unio/img/portfolio/portfolio-2.jpg]
[mixdesign.club/themeforest/unio/img/portfolio/portfolio-3.jpg]
[mixdesign.club/themeforest/unio/img/portfolio/portfolio-4.jpg]
[mixdesign.club/themeforest/unio/js/libs.min.js]
[mixdesign.club/themeforest/unio/js/gallery-init.js]
[mixdesign.club/themeforest/unio/js/unio-custom.js]
[mixdesign.club/themeforest/unio/index-fullscreen-image.html]
[mixdesign.club/themeforest/unio/img/favicon/site.html]
[mixdesign.club/themeforest/unio/js/maps/google-map.js]
[mixdesign.club/themeforest/unio/img/demo/illustration-6.png]
[mixdesign.club/themeforest/unio/img/demo/screens/9.jpg]
[mixdesign.club/themeforest/unio/index-fullscreen-kenburns.html]
[mixdesign.club/themeforest/unio/img/demo/screens/12.jpg]
[mixdesign.club/themeforest/unio/index-fullscreen-space.html]
[mixdesign.club/themeforest/unio/img/demo/screens/11.jpg]
[mixdesign.club/themeforest/unio/index-fullscreen-triangles.html]
[mixdesign.club/themeforest/unio/img/demo/screens/10.jpg]
[mixdesign.club/themeforest/unio/index-fullscreen-video-local.html]
[mixdesign.club/themeforest/unio/img/demo/screens/13.jpg]
[mixdesign.club/themeforest/unio/index-fullscreen-video-youtube.html]
[mixdesign.club/themeforest/unio/img/demo/screens/14.jpg]
[mixdesign.club/themeforest/unio/index-image.html]
[mixdesign.club/themeforest/unio/img/demo/screens/1.jpg]
[mixdesign.club/themeforest/unio/index-slider.html]
[mixdesign.club/themeforest/unio/img/demo/screens/2.jpg]
[mixdesign.club/themeforest/unio/index-countdown-days-image.html]
[mixdesign.club/themeforest/unio/img/demo/screens/3.jpg]
[mixdesign.club/themeforest/unio/index-countdown-days-kenburns.html]
[mixdesign.club/themeforest/unio/img/demo/screens/4.jpg]
[mixdesign.club/themeforest/unio/index-countdown-days-particles.html]
[mixdesign.club/themeforest/unio/img/demo/screens/5.jpg]
[mixdesign.club/themeforest/unio/index-countdown-days-video-local.html]
[mixdesign.club/themeforest/unio/img/demo/screens/6.jpg]
[mixdesign.club/themeforest/unio/index-countdown-full-image.html]
[mixdesign.club/themeforest/unio/img/demo/screens/7.jpg]
[mixdesign.club/themeforest/unio/index-countdown-full-video-youtube.html]
[mixdesign.club/themeforest/unio/img/demo/screens/8.jpg]
[mixdesign.club/themeforest/unio/js/demo/jquery.min.js]
[mixdesign.club/themeforest/unio/js/demo/modernizr.js]
[mixdesign.club/themeforest/unio/js/demo/jquery.ajaxchimp.min.js]
[mixdesign.club/themeforest/unio/index.html]
[mixdesign.club/themeforest/unio/index-fullscreen-kenburns.html]
[mixdesign.club/themeforest/unio/index-fullscreen-space.html]
[mixdesign.club/themeforest/unio/index-fullscreen-triangles.html]
[mixdesign.club/themeforest/unio/js/demo/app-demo.js]
[mixdesign.club/themeforest/unio/img/backgrounds/bg-main-1.jpg]
[mixdesign.club/themeforest/unio/video/video-1.mp4]
[mixdesign.club/themeforest/unio/video/video-1.webm]
[mixdesign.club/themeforest/unio/video/video-1.ogv]
[mixdesign.club/themeforest/unio/index-fullscreen-video-local.html]
[mixdesign.club/themeforest/unio/index-fullscreen-video-youtube.html]
[mixdesign.club/themeforest/unio/index-image.html]
[mixdesign.club/themeforest/unio/index-slider.html]
[mixdesign.club/themeforest/unio/index-countdown-days-image.html]
[mixdesign.club/themeforest/unio/index-countdown-days-kenburns.html]
[mixdesign.club/themeforest/unio/index-countdown-days-particles.html]
[mixdesign.club/themeforest/unio/index-countdown-days-video-local.html]
[mixdesign.club/themeforest/unio/index-countdown-full-image.html]
[mixdesign.club/themeforest/unio/index-countdown-full-video-youtube.html]
[mixdesign.club/themeforest/unio/video/video-1.mp4]
[mixdesign.club/themeforest/unio/video/video-1.webm]
[mixdesign.club/themeforest/unio/video/video-1.ogv]
[mixdesign.club/themeforest/unio/video/video-1.mp4]
[mixdesign.club/themeforest/unio/video/video-1.ogv]
[mixdesign.club/themeforest/unio/video/video-1.webm]
[mixdesign.club/themeforest/unio/img/favicon/safari-pinned-tab.html]
[mixdesign.club/themeforest/unio/fonts/Fontawesome/fa-solid-900.eot]
[mixdesign.club/themeforest/unio/fonts/Fontawesome/fa-solid-900.woff2]
[mixdesign.club/themeforest/unio/fonts/Fontawesome/fa-solid-900.woff]
[mixdesign.club/themeforest/unio/fonts/Fontawesome/fa-solid-900.ttf]
[mixdesign.club/themeforest/unio/fonts/Fontawesome/fa-regular-400.eot]
[mixdesign.club/themeforest/unio/fonts/Fontawesome/fa-regular-400.woff2]
[mixdesign.club/themeforest/unio/fonts/Fontawesome/fa-regular-400.woff]
[mixdesign.club/themeforest/unio/fonts/Fontawesome/fa-regular-400.ttf]
[mixdesign.club/themeforest/unio/fonts/Fontawesome/fa-brands-400.eot]
[mixdesign.club/themeforest/unio/fonts/Fontawesome/fa-brands-400.woff2]
[mixdesign.club/themeforest/unio/fonts/Fontawesome/fa-brands-400.woff]
[mixdesign.club/themeforest/unio/fonts/Fontawesome/fa-brands-400.ttf]
[mixdesign.club/themeforest/unio/fonts/Fontawesome/fa-solid-900d41d.eot]
[mixdesign.club/themeforest/unio/fonts/Fontawesome/fa-regular-400d41d.eot]
[mixdesign.club/themeforest/unio/img/default-skin.png]
[mixdesign.club/themeforest/unio/fonts/Fontawesome/fa-brands-400d41d.eot]
[mixdesign.club/themeforest/unio/css/plugins.css]
[mixdesign.club/themeforest/unio/css/loaders/loader.css]
[mixdesign.club/themeforest/unio/img/backgrounds/bg-main-2.jpg]
[mixdesign.club/themeforest/unio/img/backgrounds/bg-main-3.jpg]
[mixdesign.club/themeforest/unio/img/backgrounds/bg-main-4.jpg]
[mixdesign.club/themeforest/unio/img/backgrounds/bg-fullscreen-1.jpg]
[mixdesign.club/themeforest/unio/img/backgrounds/bg-fullscreen-4.jpg]
[mixdesign.club/themeforest/unio/img/backgrounds/bg-fullscreen-5.jpg]
[mixdesign.club/themeforest/unio/img/backgrounds/slide-split-1.jpg]
[mixdesign.club/themeforest/unio/img/backgrounds/slide-split-2.jpg]
[mixdesign.club/themeforest/unio/img/backgrounds/slide-split-3.jpg]
[mixdesign.club/themeforest/unio/img/backgrounds/bg-about.jpg]
[mixdesign.club/themeforest/unio/img/menu/menu-1.jpg]
[mixdesign.club/themeforest/unio/img/menu/menu-2.jpg]
[mixdesign.club/themeforest/unio/img/menu/menu-3.jpg]
[mixdesign.club/themeforest/unio/img/menu/menu-4.jpg]
[mixdesign.club/themeforest/unio/img/menu/menu-5.jpg]
[mixdesign.club/themeforest/unio/img/menu/menu-6.jpg]
[mixdesign.club/themeforest/unio/css/main.css]
[mixdesign.club/themeforest/unio/img/unio-logo-loader.svg]
[mixdesign.club/themeforest/unio/img/unio-logo.svg]
[mixdesign.club/themeforest/unio/img/icons/feature-icon-1.svg]
[mixdesign.club/themeforest/unio/img/icons/feature-icon-2.svg]
[mixdesign.club/themeforest/unio/img/icons/feature-icon-3.svg]
[mixdesign.club/themeforest/unio/img/icons/feature-icon-4.svg]
[mixdesign.club/themeforest/unio/css/plugins-demo.css]
[mixdesign.club/themeforest/unio/img/demo/bg-demo.jpg]
[mixdesign.club/themeforest/unio/img/demo/illustration-1.png]
[mixdesign.club/themeforest/unio/img/demo/illustration-2.jpg]
[mixdesign.club/themeforest/unio/img/demo/illustration-3.jpg]
[mixdesign.club/themeforest/unio/img/demo/illustration-4.jpg]
[mixdesign.club/themeforest/unio/img/demo/illustration-5.jpg]
[mixdesign.club/themeforest/unio/img/demo/bg-demo-subscribe.jpg]
[mixdesign.club/themeforest/unio/css/main-demo.css]
[mixdesign.club/themeforest/unio/img/demo/unio-logo-demo.svg]
[mixdesign.club/themeforest/unio/index-fullscreen-kenburns.html]
[mixdesign.club/themeforest/unio/index-fullscreen-space.html]
[mixdesign.club/themeforest/unio/index-fullscreen-triangles.html]
[mixdesign.club/themeforest/unio/index-fullscreen-video-local.html]
[mixdesign.club/themeforest/unio/index-fullscreen-video-youtube.html]
[mixdesign.club/themeforest/unio/index-image.html]
[mixdesign.club/themeforest/unio/index-slider.html]
[mixdesign.club/themeforest/unio/index-countdown-days-image.html]
[mixdesign.club/themeforest/unio/index-countdown-days-kenburns.html]
[mixdesign.club/themeforest/unio/index-countdown-days-particles.html]
[mixdesign.club/themeforest/unio/index-countdown-days-video-local.html]
[mixdesign.club/themeforest/unio/index-countdown-full-image.html]
[mixdesign.club/themeforest/unio/video/video-1.mp4]
[mixdesign.club/themeforest/unio/fonts/Fontawesome/fa-solid-900.svg]
[mixdesign.club/themeforest/unio/fonts/Fontawesome/fa-regular-400.svg]
[mixdesign.club/themeforest/unio/fonts/Fontawesome/fa-brands-400.svg]
[mixdesign.club/themeforest/unio/css/overlays/02.html]
[mixdesign.club/themeforest/unio/css/font/ytp-regular.html]
[mixdesign.club/themeforest/unio/css/images/raster.html]
[mixdesign.club/themeforest/unio/css/images/raster@2x.html]
[mixdesign.club/themeforest/unio/css/images/raster_dot.html]
[mixdesign.club/themeforest/unio/css/images/raster_dot@2x.html]
[mixdesign.club/themeforest/unio/img/default-skin.svg]
[mixdesign.club/themeforest/unio/img/preloader.html]
[mixdesign.club/themeforest/unio/img/demo/demo-pattern.svg]
[mixdesign.club/themeforest/unio/index-countdown-full-video-youtube.html]
[mixdesign.club/themeforest/unio/video/video-1.mp4]
